// Jest Snapshot v1, https://goo.gl/fbAQLP

exports[`ArtefactManifest should not change without datastore migration 1`] = `
{
  "artefact": {
    "attributions": [
      "attributions",
    ],
    "description": [
      {
        "language": "fr",
        "text": "description",
      },
      {
        "language": "en",
        "text": "description",
      },
    ],
    "files": [
      "file",
    ],
    "keywords": [
      {
        "language": "fr",
        "text": [
          "keywords",
        ],
      },
      {
        "language": "en",
        "text": [
          "keywords",
        ],
      },
    ],
    "license": "license",
    "link": "link",
    "name": [
      {
        "language": "fr",
        "text": "name",
      },
      {
        "language": "en",
        "text": "name",
      },
    ],
    "previews": [
      "previews",
    ],
    "provider": "provider",
    "type": "basemap",
  },
  "version": "version",
}
`;
