// Jest Snapshot v1, https://goo.gl/fbAQLP

exports[`ArtefactType should not change without migration 1`] = `
{
  "BaseMap": "basemap",
  "Vector": "vector",
}
`;
