// Jest Snapshot v1, https://goo.gl/fbAQLP

exports[`WmsDefinitionManifest should not change without datastore migration 1`] = `
{
  "version": "version",
  "wms": {
    "auth": {
      "password": "password",
      "username": "username",
    },
    "extent": [
      1,
      2,
      3,
      4,
    ],
    "projection": {
      "name": "projection",
    },
    "prompt": [
      {
        "description": [
          {
            "language": "fr",
            "text": "description",
          },
          {
            "language": "en",
            "text": "description",
          },
        ],
        "name": "name",
        "type": "string",
      },
    ],
    "remoteLayerName": "remoteLayerName",
    "urls": [
      "urls",
    ],
  },
}
`;
