// Jest Snapshot v1, https://goo.gl/fbAQLP

exports[`WmtsDefinitionManifest should not change without datastore migration 1`] = `
{
  "version": "version",
  "wmts": {
    "auth": {
      "password": "password",
      "username": "username",
    },
    "capabilitiesUrl": "capabilitiesUrl",
    "prompt": [
      {
        "description": [
          {
            "language": "fr",
            "text": "description",
          },
          {
            "language": "en",
            "text": "description",
          },
        ],
        "name": "name",
        "type": "string",
      },
    ],
    "remoteLayerName": "remoteLayerName",
  },
}
`;
