// Jest Snapshot v1, https://goo.gl/fbAQLP

exports[`XyzDefinitionManifest should not change without datastore migration 1`] = `
{
  "version": "version",
  "xyz": {
    "projection": {
      "name": "projection",
    },
    "prompt": [
      {
        "description": [
          {
            "language": "fr",
            "text": "description",
          },
          {
            "language": "en",
            "text": "description",
          },
        ],
        "name": "name",
        "type": "string",
      },
    ],
    "url": "remoteLayerName",
  },
}
`;
