// Jest Snapshot v1, https://goo.gl/fbAQLP

exports[`AbcTextFrame should not change without migration 1`] = `
{
  "content": [
    {
      "children": [
        {
          "text": "",
        },
      ],
      "type": "paragraph",
    },
  ],
  "id": "test-id",
  "position": {
    "x": 10,
    "y": 20,
  },
  "size": {
    "height": 40,
    "width": 30,
  },
  "style": {
    "background": "#FFFFFF",
    "withBorders": true,
    "withShadows": true,
  },
}
`;
