// Jest Snapshot v1, https://goo.gl/fbAQLP

exports[`Text elements elements should not change without migration 1`] = `
[
  {
    "align": "justify",
    "children": [],
    "type": "paragraph",
  },
  {
    "align": "center",
    "children": [],
    "type": "paragraph",
  },
  {
    "align": "left",
    "children": [],
    "type": "paragraph",
  },
  {
    "align": "right",
    "children": [],
    "type": "paragraph",
  },
  {
    "children": [],
    "type": "code",
  },
  {
    "children": [],
    "type": "quote",
  },
  {
    "align": "center",
    "children": [],
    "level": 1,
    "type": "title",
  },
  {
    "children": [],
    "type": "table",
  },
  {
    "children": [],
    "type": "table-row",
  },
  {
    "children": [],
    "type": "table-cell",
  },
  {
    "children": [
      {
        "text": "",
      },
    ],
    "type": "video",
    "url": "http://video.url",
  },
  {
    "children": [
      {
        "text": "",
      },
    ],
    "size": 1,
    "type": "image",
    "url": "http://image.blob.url",
  },
  {
    "children": [],
    "ordered": true,
    "type": "list",
  },
  {
    "children": [],
    "ordered": false,
    "type": "list",
  },
  {
    "children": [],
    "type": "list-item",
  },
  {
    "children": [],
    "type": "link",
    "url": "http://somewhere.net",
  },
  {
    "children": [
      {
        "text": "",
      },
    ],
    "geometryType": "Point",
    "style": {
      "fill": {
        "color1": "red",
      },
    },
    "type": "map-symbol",
  },
]
`;

exports[`Text elements texts should not change without migration 1`] = `
{
  "backgroundColor": "backgroundColor",
  "bold": true,
  "foregroundColor": "foregroundColor",
  "italic": true,
  "size": 4,
  "text": "text1",
  "underline": true,
}
`;
