// Jest Snapshot v1, https://goo.gl/fbAQLP

exports[`AbcProjectManifest should not change without migration 1`] = `
{
  "layers": [],
  "layouts": [],
  "metadata": {
    "containsCredentials": false,
    "id": "test-project-id",
    "name": "Test project",
    "public": false,
    "version": "0.1",
  },
  "sharedViews": {
    "fullscreen": false,
    "list": [],
    "mapDimensions": {
      "height": 600,
      "width": 800,
    },
  },
  "view": {
    "center": [
      1,
      2,
    ],
    "projection": {
      "name": "EPSG:4326",
    },
    "resolution": 1000,
    "rotation": 0,
  },
}
`;
