// Jest Snapshot v1, https://goo.gl/fbAQLP

exports[`I18n changes on I18nList require data migration 1`] = `
{
  "language": "fr",
  "text": [
    "Salut",
  ],
}
`;

exports[`I18n changes on I18nText require data migration 1`] = `
{
  "language": "fr",
  "text": "Salut",
}
`;
