// Jest Snapshot v1, https://goo.gl/fbAQLP

exports[`AbcSharedView should not change without migration 1`] = `
{
  "id": "test-id",
  "layers": [
    {
      "layerId": "test-layer-id",
      "visible": true,
    },
  ],
  "scale": {
    "x": 80,
    "y": 180,
  },
  "textFrames": [],
  "title": "test-title",
  "view": {
    "center": [
      12,
      34,
    ],
    "projection": {
      "name": "test-projection",
    },
    "resolution": 5678,
    "rotation": 0,
  },
}
`;
